/@390 200
/@1440 200
/store@390 200
/store@1440 200
/store?catalog=full@390 200
/store?catalog=full@1440 200
/resources/videos@390 200
/resources/videos@1440 200
/about/team@390 200
/about/team@1440 200
/resources/blog@390 200
/resources/blog@1440 200
/store?category=comanaged_subscriptions@390 200
/store?category=comanaged_subscriptions@1440 200
/store?category=digital_assessments@390 200
/store?category=digital_assessments@1440 200
/store?category=digital_templates@390 200
/store?category=digital_templates@1440 200
/store?category=digital_training@390 200
/store?category=digital_training@1440 200
/store?category=networking_managed@390 200
/store?category=networking_managed@1440 200
/store?category=networking_projects@390 200
/store?category=networking_projects@1440 200
/store?category=hardware_provisioning@390 200
/store?category=hardware_provisioning@1440 200
/store?category=ucaas_subscriptions@390 200
/store?category=ucaas_subscriptions@1440 200
/store?category=ucaas_setup@390 200
/store?category=ucaas_setup@1440 200
/store?category=contract_services@390 200
/store?category=contract_services@1440 200
/store?category=professional_services@390 200
/store?category=professional_services@1440 200
/store?category=comanaged_onboarding@390 200
/store?category=comanaged_onboarding@1440 200
/store?category=hardware_handling@390 200
/store?category=hardware_handling@1440 200
/store?category=hardware_physical@390 200
/store?category=hardware_physical@1440 200
/store?outcome=protect@390 200
/store?outcome=protect@1440 200
/store?outcome=recover@390 200
/store?outcome=recover@1440 200
/store?outcome=communicate@390 200
/store?outcome=communicate@1440 200
/store?outcome=operate@390 200
/store?outcome=operate@1440 200
/store?outcome=compliance@390 200
/store?outcome=compliance@1440 200
/internal/warehouse/co-managed?category=comanaged_subscriptions@390 200
/internal/warehouse/co-managed?category=comanaged_subscriptions@1440 200
/internal/warehouse/co-managed?category=digital_assessments@390 200
/internal/warehouse/co-managed?category=digital_assessments@1440 200 brokenEl=20
/internal/warehouse/co-managed?category=digital_templates@390 200
/internal/warehouse/co-managed?category=digital_templates@1440 200
/internal/warehouse/co-managed?category=digital_training@390 200
/internal/warehouse/co-managed?category=digital_training@1440 200
/internal/warehouse/co-managed?category=networking_managed@390 200
/internal/warehouse/co-managed?category=networking_managed@1440 200
/internal/warehouse/co-managed?category=networking_projects@390 200
/internal/warehouse/co-managed?category=networking_projects@1440 200
/internal/warehouse/co-managed?outcome=protect@390 200
/internal/warehouse/co-managed?outcome=protect@1440 200
/internal/warehouse/co-managed?outcome=recover@390 200
/internal/warehouse/co-managed?outcome=recover@1440 200
/internal/warehouse/co-managed?outcome=communicate@390 200
/internal/warehouse/co-managed?outcome=communicate@1440 200
/internal/warehouse/co-managed?outcome=operate@390 200
/internal/warehouse/co-managed?outcome=operate@1440 200
/internal/warehouse/co-managed?outcome=compliance@390 200
/internal/warehouse/co-managed?outcome=compliance@1440 200
/internal/warehouse/product/DE-SVC-MGD-OFFICE-MO@390 200
/internal/warehouse/product/DE-SVC-MGD-OFFICE-MO@1440 200
/internal/warehouse/product/DE-SVC-CM-ENDPOINT-EDR-MO@390 200
/internal/warehouse/product/DE-SVC-CM-ENDPOINT-EDR-MO@1440 200
/internal/warehouse/product/DE-DIG-ASMT-CSRA-OT@390 200
/internal/warehouse/product/DE-DIG-ASMT-CSRA-OT@1440 200
/industries/healthcare@390 200
/industries/healthcare@1440 200
/industries/accounting-finance@390 200
/industries/accounting-finance@1440 200
/industries/law-firms@390 200
/industries/law-firms@1440 200
/industries/real-estate@390 200
/industries/real-estate@1440 200
/industries/nonprofits@390 200
/industries/nonprofits@1440 200
/industries/animal-hospitals@390 200
/industries/animal-hospitals@1440 200
/locations/chandler-az@390 200
/locations/chandler-az@1440 200
/locations/phoenix-az@390 200
/locations/phoenix-az@1440 200
/locations/gilbert-az@390 200
/locations/gilbert-az@1440 200
/locations/tempe-az@390 200
/locations/tempe-az@1440 200
/locations/mesa-az@390 200
/locations/mesa-az@1440 200
/locations/scottsdale-az@390 200
/locations/scottsdale-az@1440 200
/resources/blog/what-a-cyber-risk-assessment-finds-before-attackers-do@390 200
/resources/blog/what-a-cyber-risk-assessment-finds-before-attackers-do@1440 200
/resources/blog/multilayer-ransomware-defense-arizona-businesses@390 200
/resources/blog/multilayer-ransomware-defense-arizona-businesses@1440 200
/resources/blog/can-ransomware-encrypt-your-backups@390 200
/resources/blog/can-ransomware-encrypt-your-backups@1440 200
{
  "routes": 54,
  "entries": 108,
  "image404Count": 0,
  "brokenImgElementCount": 20,
  "pass": false
}
wrote qa/c7-cleanup/image-404-sweep.json
